5 5
1 2 1 1 2
0 4 0 1 3
~.~~^
~o~~#
~~~~v
~^~~~
~v~o.
